\BOOKMARK [1][-]{section.1}{\376\377\000I\000n\000t\000r\000o\000d\000u\000\347\000\343\000o}{}% 1
\BOOKMARK [1][-]{section.2}{\376\377\000M\000e\000t\000o\000d\000o\000l\000o\000g\000i\000a}{}% 2
\BOOKMARK [2][-]{subsection.2.1}{\376\377\000F\000o\000r\000m\000u\000l\000a\000\347\000\343\000o\000\040\000d\000o\000\040\000P\000r\000o\000b\000l\000e\000m\000a}{section.2}% 3
\BOOKMARK [2][-]{subsection.2.2}{\376\377\000D\000a\000d\000o\000s\000\040\000U\000t\000i\000l\000i\000z\000a\000d\000o\000s}{section.2}% 4
\BOOKMARK [1][-]{section.3}{\376\377\000C\000o\000n\000c\000l\000u\000s\000\343\000o}{}% 5
